Error codes: *ENXIO EIO 

post/tests/test198/source.c:20: potential non-tentative unchecked error is not saved
post/tests/test198/source.c:13: an unchecked error may be returned
post/tests/test198/source.c:12:"rc" receives an error from "TENTATIVE_ENXIO"

post/tests/test198/source.c:20: potential non-tentative unchecked error is not saved
post/tests/test198/source.c:13: an unchecked error may be returned
post/tests/test198/source.c:12:"rc" receives an error from "TENTATIVE_ENXIO"
====
