Error codes: *TENTATIVE_EIO 

post/tests/test226/source.c:10: overwriting potential unchecked error in variable "error"
post/tests/test226/source.c:6:"error" may have an unchecked error
post/tests/test226/source.c:4:"error" receives an error from "TENTATIVE_EIO"

post/tests/test226/source.c:10: overwriting potential unchecked error in variable "error"
post/tests/test226/source.c:4:"error" receives an error from "TENTATIVE_EIO"
====
Error codes: *TENTATIVE_ENXIO 

post/tests/test226/source.c:13: potential unchecked error in out of scope variable "error"
post/tests/test226/source.c:10:"error" receives an error from "TENTATIVE_ENXIO"

post/tests/test226/source.c:13: potential unchecked error in out of scope variable "error"
post/tests/test226/source.c:10:"error" receives an error from "TENTATIVE_ENXIO"
====
