Error codes: *TENTATIVE_ENXIO 

post/tests/test128/source.c:24: potential unchecked error in out of scope variable "rc"
post/tests/test128/source.c:19:"rc" may have an unchecked error
post/tests/test128/source.c:17:"rc" receives an error from "TENTATIVE_ENXIO"

post/tests/test128/source.c:24: potential unchecked error in out of scope variable "rc"
post/tests/test128/source.c:17:"rc" receives an error from "TENTATIVE_ENXIO"
====
