Error codes: *TENTATIVE_EIO 

post/tests/test90/source.c:7: overwriting potential unchecked error in variable "err"
post/tests/test90/source.c:15:"err" may have an unchecked error
post/tests/test90/source.c:14:"err" may have an unchecked error
post/tests/test90/source.c:12:"err" receives an error from "TENTATIVE_EIO"

post/tests/test90/source.c:7: overwriting potential unchecked error in variable "err"
post/tests/test90/source.c:15:"err" may have an unchecked error
post/tests/test90/source.c:12:"err" receives an error from "TENTATIVE_EIO"
====
Error codes: *TENTATIVE_EPERM 

post/tests/test90/source.c:8: potential unchecked error in out of scope variable "err"
post/tests/test90/source.c:7:"err" receives an error from "TENTATIVE_EPERM"

post/tests/test90/source.c:8: potential unchecked error in out of scope variable "err"
post/tests/test90/source.c:7:"err" receives an error from "TENTATIVE_EPERM"
====
Error codes: *TENTATIVE_EIO 

post/tests/test90/source.c:21: potential unchecked error in out of scope variable "err"
post/tests/test90/source.c:15:"err" may have an unchecked error
post/tests/test90/source.c:14:"err" may have an unchecked error
post/tests/test90/source.c:12:"err" receives an error from "TENTATIVE_EIO"

post/tests/test90/source.c:21: potential unchecked error in out of scope variable "err"
post/tests/test90/source.c:12:"err" receives an error from "TENTATIVE_EIO"
====
