Error codes: *EIO 

post/tests/test46/source.c:15: overwriting potential non-tentative unchecked error in variable "err"
post/tests/test46/source.c:14:"err" may have an unchecked error
post/tests/test46/source.c:13:"err" receives an error from function "foo"
post/tests/test46/source.c:7: an unchecked error may be returned
post/tests/test46/source.c:6:"number" receives an error from "TENTATIVE_EIO"

post/tests/test46/source.c:15: overwriting potential non-tentative unchecked error in variable "err"
post/tests/test46/source.c:13:"err" receives an error from function "foo"
post/tests/test46/source.c:7: an unchecked error may be returned
post/tests/test46/source.c:6:"number" receives an error from "TENTATIVE_EIO"
====
