post/tests/test179/source.c:20: Dereferencing variable bar#t, which may contain one of the following error codes: TENTATIVE_ENXIO* 
post/tests/test179/source.c:28:"s" may have an unchecked error
post/tests/test179/source.c:27:"s" may have an unchecked error
post/tests/test179/source.c:25:"s" may have an unchecked error
post/tests/test179/source.c:25:"s" receives an error from "cabs2cil_"
post/tests/test179/source.c:25:"cabs2cil_" receives an error from function "ERR_PTR"
post/tests/test179/source.c:16: an unchecked error may be returned
post/tests/test179/source.c:25:"TENTATIVE_ENXIO" error is passed as argument

post/tests/test179/source.c:20: Dereferencing variable bar#t, which may contain one of the following error codes: TENTATIVE_ENXIO* 
post/tests/test179/source.c:28:"s" may have an unchecked error
post/tests/test179/source.c:25:"s" receives an error from "cabs2cil_"
post/tests/test179/source.c:25:"cabs2cil_" receives an error from function "ERR_PTR"
post/tests/test179/source.c:16: an unchecked error may be returned
post/tests/test179/source.c:25:"TENTATIVE_ENXIO" error is passed as argument
====
post/tests/test179/source.c:27: Dereferencing variable main#s, which must contain one of the following error codes: TENTATIVE_ENXIO* 
post/tests/test179/source.c:27:"s" may have an unchecked error
post/tests/test179/source.c:25:"s" may have an unchecked error
post/tests/test179/source.c:25:"s" receives an error from "cabs2cil_"
post/tests/test179/source.c:25:"cabs2cil_" receives an error from function "ERR_PTR"
post/tests/test179/source.c:16: an unchecked error may be returned
post/tests/test179/source.c:25:"TENTATIVE_ENXIO" error is passed as argument

post/tests/test179/source.c:27: Dereferencing variable main#s, which must contain one of the following error codes: TENTATIVE_ENXIO* 
post/tests/test179/source.c:25:"s" receives an error from "cabs2cil_"
post/tests/test179/source.c:25:"cabs2cil_" receives an error from function "ERR_PTR"
post/tests/test179/source.c:16: an unchecked error may be returned
post/tests/test179/source.c:25:"TENTATIVE_ENXIO" error is passed as argument
====
