Error codes: *TENTATIVE_EIO 

post/tests/test86/source.c:11: overwriting potential unchecked error in variable "tentative_error"
post/tests/test86/source.c:9:"tentative_error" may have an unchecked error
post/tests/test86/source.c:8:"tentative_error" receives an error from "TENTATIVE_EIO"

post/tests/test86/source.c:11: overwriting potential unchecked error in variable "tentative_error"
post/tests/test86/source.c:8:"tentative_error" receives an error from "TENTATIVE_EIO"
====
Error codes: *EIO 

post/tests/test86/source.c:12: overwriting potential non-tentative unchecked error in variable "error"
post/tests/test86/source.c:11:"error" may have an unchecked error
post/tests/test86/source.c:9:"error" may have an unchecked error
post/tests/test86/source.c:9:"error" receives an error from function "foo"
post/tests/test86/source.c:4: an unchecked error may be returned
post/tests/test86/source.c:3:"err" receives an error from "TENTATIVE_EIO"

post/tests/test86/source.c:12: overwriting potential non-tentative unchecked error in variable "error"
post/tests/test86/source.c:9:"error" receives an error from function "foo"
post/tests/test86/source.c:4: an unchecked error may be returned
post/tests/test86/source.c:3:"err" receives an error from "TENTATIVE_EIO"
====
