Error codes: *TENTATIVE_EROFS 

post/tests/test59/source.c:8: potential unchecked error in out of scope variable "x"
post/tests/test59/source.c:7:"x" receives an error from "TENTATIVE_EROFS"

post/tests/test59/source.c:8: potential unchecked error in out of scope variable "x"
post/tests/test59/source.c:7:"x" receives an error from "TENTATIVE_EROFS"
====
Error codes: *TENTATIVE_EIO 

post/tests/test59/source.c:16: potential unchecked error in out of scope variable "y"
post/tests/test59/source.c:15:"y" may have an unchecked error
post/tests/test59/source.c:14:"y" may have an unchecked error
post/tests/test59/source.c:13:"y" receives an error from "TENTATIVE_EIO"

post/tests/test59/source.c:16: potential unchecked error in out of scope variable "y"
post/tests/test59/source.c:13:"y" receives an error from "TENTATIVE_EIO"
====
