Error codes: *EIO 

post/tests/test196/source.c:9: potential non-tentative unchecked error in out of scope variable "rc"
post/tests/test196/source.c:8:"rc" may have an unchecked error
post/tests/test196/source.c:7:"rc" receives an error from "cabs2cil_"
post/tests/test196/source.c:7:"cabs2cil_" receives an error from function "foo"
post/tests/test196/source.c:3: an unchecked error may be returned
post/tests/test196/source.c:2:"ret" receives an error from "TENTATIVE_EIO"

post/tests/test196/source.c:9: potential non-tentative unchecked error in out of scope variable "rc"
post/tests/test196/source.c:7:"rc" receives an error from "cabs2cil_"
post/tests/test196/source.c:7:"cabs2cil_" receives an error from function "foo"
post/tests/test196/source.c:3: an unchecked error may be returned
post/tests/test196/source.c:2:"ret" receives an error from "TENTATIVE_EIO"
====
Error codes: *EIO 

post/tests/test196/source.c:9: potential non-tentative unchecked error in out of scope variable "rc2"
post/tests/test196/source.c:8:"rc2" receives an error from "cabs2cil_"
post/tests/test196/source.c:8:"cabs2cil_" receives an error from function "foo"
post/tests/test196/source.c:3: an unchecked error may be returned
post/tests/test196/source.c:2:"ret" receives an error from "TENTATIVE_EIO"

post/tests/test196/source.c:9: potential non-tentative unchecked error in out of scope variable "rc2"
post/tests/test196/source.c:8:"rc2" receives an error from "cabs2cil_"
post/tests/test196/source.c:8:"cabs2cil_" receives an error from function "foo"
post/tests/test196/source.c:3: an unchecked error may be returned
post/tests/test196/source.c:2:"ret" receives an error from "TENTATIVE_EIO"
====
