Error codes: *TENTATIVE_EIO 

post/tests/test136/source.c:13: potential unchecked error in out of scope variable "cabs2cil_"
post/tests/test136/source.c:8:"cabs2cil_" may have an unchecked error
post/tests/test136/source.c:7:"cabs2cil_" may have an unchecked error
post/tests/test136/source.c:7:"cabs2cil_" receives an error from "error"
post/tests/test136/source.c:5:"error" receives an error from "TENTATIVE_EIO"

post/tests/test136/source.c:13: potential unchecked error in out of scope variable "cabs2cil_"
post/tests/test136/source.c:7:"cabs2cil_" receives an error from "error"
post/tests/test136/source.c:5:"error" receives an error from "TENTATIVE_EIO"
====
