Error codes: *EIO 

post/tests/test208/source.c:8: predicate depends on main#rc, which must contain one of the following error codes: EIO* 
post/tests/test208/source.c:6:"rc" may have an unchecked error
post/tests/test208/source.c:6:"rc" receives an error from function "foo"
post/tests/test208/source.c:2: unchecked error "TENTATIVE_EIO" is returned

post/tests/test208/source.c:8: predicate depends on main#rc, which must contain one of the following error codes: EIO* 
post/tests/test208/source.c:6:"rc" receives an error from function "foo"
post/tests/test208/source.c:2: unchecked error "TENTATIVE_EIO" is returned
====
Error codes: *EIO 

post/tests/test208/source.c:13: potential non-tentative unchecked error in out of scope variable "rc"
post/tests/test208/source.c:9:"rc" may have an unchecked error
post/tests/test208/source.c:8:"rc" may have an unchecked error
post/tests/test208/source.c:6:"rc" may have an unchecked error
post/tests/test208/source.c:6:"rc" receives an error from function "foo"
post/tests/test208/source.c:2: unchecked error "TENTATIVE_EIO" is returned

post/tests/test208/source.c:13: potential non-tentative unchecked error in out of scope variable "rc"
post/tests/test208/source.c:6:"rc" receives an error from function "foo"
post/tests/test208/source.c:2: unchecked error "TENTATIVE_EIO" is returned
====
