Error codes: *TENTATIVE_ENXIO 

post/tests/test151/source.c:28: potential unchecked error in out of scope pointer variable "error"
post/tests/test151/source.c:26:"error" may have an unchecked error
post/tests/test151/source.c:26:"error" receives an error from "TENTATIVE_ENXIO"

post/tests/test151/source.c:28: potential unchecked error in out of scope pointer variable "error"
post/tests/test151/source.c:26:"error" receives an error from "TENTATIVE_ENXIO"
====
Error codes: *TENTATIVE_EIO 

post/tests/test151/source.c:37: potential unchecked error in out of scope variable "err"
post/tests/test151/source.c:35:"err" may have an unchecked error
post/tests/test151/source.c:34:"err" may have an unchecked error
post/tests/test151/source.c:33:"err" receives an error from "TENTATIVE_EIO"

post/tests/test151/source.c:37: potential unchecked error in out of scope variable "err"
post/tests/test151/source.c:33:"err" receives an error from "TENTATIVE_EIO"
====
Error codes: *TENTATIVE_EIO 

post/tests/test151/source.c:37: potential unchecked error in out of scope pointer variable "errp"
post/tests/test151/source.c:35:"errp" may have an unchecked error
post/tests/test151/source.c:34:"errp" may have an unchecked error
post/tests/test151/source.c:34:"errp" receives an error from "err"
post/tests/test151/source.c:33:"err" receives an error from "TENTATIVE_EIO"

post/tests/test151/source.c:37: potential unchecked error in out of scope pointer variable "errp"
post/tests/test151/source.c:34:"errp" receives an error from "err"
post/tests/test151/source.c:33:"err" receives an error from "TENTATIVE_EIO"
====
