Error codes: *TENTATIVE_ENXIO 

post/tests/test151/source.c:28: potential unchecked error in out of scope pointer variable "error"
post/tests/test151/source.c:26:"error" may have an unchecked error
post/tests/test151/source.c:26:"error" receives an error from "TENTATIVE_ENXIO"

post/tests/test151/source.c:28: potential unchecked error in out of scope pointer variable "error"
post/tests/test151/source.c:26:"error" receives an error from "TENTATIVE_ENXIO"
====
