Error codes: *TENTATIVE_EIO 

post/tests/test56/source.c:10: potential unchecked error in out of scope variable "y"
post/tests/test56/source.c:9:"y" receives an error from "TENTATIVE_EIO"

post/tests/test56/source.c:10: potential unchecked error in out of scope variable "y"
post/tests/test56/source.c:9:"y" receives an error from "TENTATIVE_EIO"
====
