Error codes: *EIO 

post/tests/test217/source.c:19: potential non-tentative unchecked error in out of scope variable "err"
post/tests/test217/source.c:17:"err" may have an unchecked error
post/tests/test217/source.c:17:"err" receives an error from function "generic_error_remove_page"
post/tests/test217/source.c:6: unchecked error "TENTATIVE_EIO" is returned

post/tests/test217/source.c:19: potential non-tentative unchecked error in out of scope variable "err"
post/tests/test217/source.c:17:"err" receives an error from function "generic_error_remove_page"
post/tests/test217/source.c:6: unchecked error "TENTATIVE_EIO" is returned
====
