Error codes: *TENTATIVE_EIO 

post/tests/test188/source.c:7: potential unchecked error in out of scope variable "x"
post/tests/test188/source.c:5:"x" may have an unchecked error
post/tests/test188/source.c:3:"x" receives an error from "TENTATIVE_EIO"

post/tests/test188/source.c:7: potential unchecked error in out of scope variable "x"
post/tests/test188/source.c:3:"x" receives an error from "TENTATIVE_EIO"
====
