post/tests/test130/source.c:13: Handling error in variable main#err, which must contain one of the following error codes: TENTATIVE_EIO* 
post/tests/test130/source.c:11:"err" may have an unchecked error
post/tests/test130/source.c:10:"err" receives an error from "TENTATIVE_EIO"

post/tests/test130/source.c:13: Handling error in variable main#err, which must contain one of the following error codes: TENTATIVE_EIO* 
post/tests/test130/source.c:10:"err" receives an error from "TENTATIVE_EIO"
====
post/tests/test130/source.c:16: Handling error in variable main#rc, which must contain one of the following error codes: TENTATIVE_ENXIO* 
post/tests/test130/source.c:14:"rc" may have an unchecked error
post/tests/test130/source.c:13:"rc" may have an unchecked error
post/tests/test130/source.c:11:"rc" receives an error from "TENTATIVE_ENXIO"

post/tests/test130/source.c:16: Handling error in variable main#rc, which must contain one of the following error codes: TENTATIVE_ENXIO* 
post/tests/test130/source.c:11:"rc" receives an error from "TENTATIVE_ENXIO"
====
