Error codes: *TENTATIVE_EIO 

post/tests/test36/source.c:19: overwriting potential unchecked error in variable "error"
post/tests/test36/source.c:16:"error" may have an unchecked error
post/tests/test36/source.c:15:"error" receives an error from "TENTATIVE_EIO"

post/tests/test36/source.c:19: overwriting potential unchecked error in variable "error"
post/tests/test36/source.c:15:"error" receives an error from "TENTATIVE_EIO"
====
