Error codes: *TENTATIVE_EIO 

post/tests/test107/source.c:10: overwriting potential unchecked error in variable "err"
post/tests/test107/source.c:9:"err" may have an unchecked error
post/tests/test107/source.c:8:"err" receives an error from "TENTATIVE_EIO"

post/tests/test107/source.c:10: overwriting potential unchecked error in variable "err"
post/tests/test107/source.c:8:"err" receives an error from "TENTATIVE_EIO"
====
