Error codes: *TENTATIVE_EIO 

post/tests/test37/source.c:11: overwriting potential unchecked error in variable "error"
post/tests/test37/source.c:7:"error" receives an error from "TENTATIVE_EIO"

post/tests/test37/source.c:11: overwriting potential unchecked error in variable "error"
post/tests/test37/source.c:7:"error" receives an error from "TENTATIVE_EIO"
====
Error codes: *TENTATIVE_EIO 

post/tests/test37/source.c:14: overwriting potential unchecked error in variable "error"
post/tests/test37/source.c:7:"error" receives an error from "TENTATIVE_EIO"

post/tests/test37/source.c:14: overwriting potential unchecked error in variable "error"
post/tests/test37/source.c:7:"error" receives an error from "TENTATIVE_EIO"
====
Error codes: *TENTATIVE_EIO 

post/tests/test37/source.c:21: overwriting potential unchecked error in variable "error"
post/tests/test37/source.c:17:"error" receives an error from "TENTATIVE_EIO"

post/tests/test37/source.c:21: overwriting potential unchecked error in variable "error"
post/tests/test37/source.c:17:"error" receives an error from "TENTATIVE_EIO"
====
