post/tests/test174/source.c:22: Dereferencing variable main#r, which must contain one of the following error codes: TENTATIVE_EIO* 
post/tests/test174/source.c:21:"r" may have an unchecked error
post/tests/test174/source.c:21:"r" receives an error from "cabs2cil_"
post/tests/test174/source.c:21:"cabs2cil_" receives an error from function "ERR_PTR"
post/tests/test174/source.c:9: an unchecked error may be returned
post/tests/test174/source.c:21:"TENTATIVE_EIO" error is passed as argument

post/tests/test174/source.c:22: Dereferencing variable main#r, which must contain one of the following error codes: TENTATIVE_EIO* 
post/tests/test174/source.c:21:"r" receives an error from "cabs2cil_"
post/tests/test174/source.c:21:"cabs2cil_" receives an error from function "ERR_PTR"
post/tests/test174/source.c:9: an unchecked error may be returned
post/tests/test174/source.c:21:"TENTATIVE_EIO" error is passed as argument
====
