Error codes: *EIO 

post/tests/test221/source.c:18: potential non-tentative unchecked error in out of scope variable "err"
post/tests/test221/source.c:17:"err" may have an unchecked error
post/tests/test221/source.c:17:"err" receives an error from function "generic_error_remove_page"
post/tests/test221/source.c:8: unchecked error "TENTATIVE_EIO" is returned

post/tests/test221/source.c:18: potential non-tentative unchecked error in out of scope variable "err"
post/tests/test221/source.c:17:"err" receives an error from function "generic_error_remove_page"
post/tests/test221/source.c:8: unchecked error "TENTATIVE_EIO" is returned
====
