Error codes: *EIO 

post/tests/test220/source.c:17: potential non-tentative unchecked error in out of scope variable "err"
post/tests/test220/source.c:15:"err" may have an unchecked error
post/tests/test220/source.c:15:"err" receives an error from function "generic_error_remove_page"
post/tests/test220/source.c:6: unchecked error "TENTATIVE_EIO" is returned

post/tests/test220/source.c:17: potential non-tentative unchecked error in out of scope variable "err"
post/tests/test220/source.c:15:"err" receives an error from function "generic_error_remove_page"
post/tests/test220/source.c:6: unchecked error "TENTATIVE_EIO" is returned
====
