ERR_PTR,input,ERR_PTR$1,{TENTATIVE_ENXIO TENTATIVE_E2BIG}
ERR_PTR,output,ERR_PTR#error,{TENTATIVE_ENXIO TENTATIVE_E2BIG}
foo,input,foo$1,{TENTATIVE_ENXIO}
foo,input,foo$2,{TENTATIVE_ENOEXEC}
foo,output,foo#a,{TENTATIVE_ENXIO}
foo,output,foo#cabs2cil_,{TENTATIVE_E2BIG}
bar,output,TENTATIVE_ECHILD,{TENTATIVE_ECHILD}
