Error codes: *TENTATIVE_EIO 

post/tests/test225/source.c:2: potential unchecked error in out of scope variable "x"
post/tests/test225/source.c:8:"x" may have an unchecked error
post/tests/test225/source.c:6:"x" receives an error from "TENTATIVE_EIO"

post/tests/test225/source.c:2: potential unchecked error in out of scope variable "x"
post/tests/test225/source.c:8:"x" may have an unchecked error
post/tests/test225/source.c:6:"x" receives an error from "TENTATIVE_EIO"
====
Error codes: *TENTATIVE_EIO 

post/tests/test225/source.c:15: potential unchecked error in out of scope variable "x"
post/tests/test225/source.c:9:"x" may have an unchecked error
post/tests/test225/source.c:8:"x" may have an unchecked error
post/tests/test225/source.c:6:"x" receives an error from "TENTATIVE_EIO"

post/tests/test225/source.c:15: potential unchecked error in out of scope variable "x"
post/tests/test225/source.c:6:"x" receives an error from "TENTATIVE_EIO"
====
