Error codes: *TENTATIVE_EIO 

post/tests/test43/source.c:14: overwriting potential unchecked error in variable "var3"
post/tests/test43/source.c:13:"var3" may have an unchecked error
post/tests/test43/source.c:12:"var3" receives an error from "var2"
post/tests/test43/source.c:11:"var2" may have an unchecked error
post/tests/test43/source.c:6:"var2" receives an error from "var1"
post/tests/test43/source.c:5:"var1" receives an error from "err"
post/tests/test43/source.c:4:"err" receives an error from "TENTATIVE_EIO"

post/tests/test43/source.c:14: overwriting potential unchecked error in variable "var3"
post/tests/test43/source.c:12:"var3" receives an error from "var2"
post/tests/test43/source.c:6:"var2" receives an error from "var1"
post/tests/test43/source.c:5:"var1" receives an error from "err"
post/tests/test43/source.c:4:"err" receives an error from "TENTATIVE_EIO"
====
Error codes: *TENTATIVE_EIO 

post/tests/test43/source.c:22: overwriting potential unchecked error in variable "var6"
post/tests/test43/source.c:19:"var6" receives an error from "var5"
post/tests/test43/source.c:18:"var5" receives an error from "var2"
post/tests/test43/source.c:11:"var2" may have an unchecked error
post/tests/test43/source.c:6:"var2" receives an error from "var1"
post/tests/test43/source.c:5:"var1" receives an error from "err"
post/tests/test43/source.c:4:"err" receives an error from "TENTATIVE_EIO"

post/tests/test43/source.c:22: overwriting potential unchecked error in variable "var6"
post/tests/test43/source.c:19:"var6" receives an error from "var5"
post/tests/test43/source.c:18:"var5" receives an error from "var2"
post/tests/test43/source.c:6:"var2" receives an error from "var1"
post/tests/test43/source.c:5:"var1" receives an error from "err"
post/tests/test43/source.c:4:"err" receives an error from "TENTATIVE_EIO"
====
Error codes: *TENTATIVE_EIO 

post/tests/test43/source.c:24: potential unchecked error in out of scope variable "err"
post/tests/test43/source.c:22:"err" may have an unchecked error
post/tests/test43/source.c:19:"err" may have an unchecked error
post/tests/test43/source.c:18:"err" may have an unchecked error
post/tests/test43/source.c:11:"err" may have an unchecked error
post/tests/test43/source.c:6:"err" may have an unchecked error
post/tests/test43/source.c:5:"err" may have an unchecked error
post/tests/test43/source.c:4:"err" receives an error from "TENTATIVE_EIO"

post/tests/test43/source.c:24: potential unchecked error in out of scope variable "err"
post/tests/test43/source.c:4:"err" receives an error from "TENTATIVE_EIO"
====
Error codes: *TENTATIVE_EIO 

post/tests/test43/source.c:24: potential unchecked error in out of scope variable "var1"
post/tests/test43/source.c:22:"var1" may have an unchecked error
post/tests/test43/source.c:19:"var1" may have an unchecked error
post/tests/test43/source.c:18:"var1" may have an unchecked error
post/tests/test43/source.c:11:"var1" may have an unchecked error
post/tests/test43/source.c:6:"var1" may have an unchecked error
post/tests/test43/source.c:5:"var1" receives an error from "err"
post/tests/test43/source.c:4:"err" receives an error from "TENTATIVE_EIO"

post/tests/test43/source.c:24: potential unchecked error in out of scope variable "var1"
post/tests/test43/source.c:5:"var1" receives an error from "err"
post/tests/test43/source.c:4:"err" receives an error from "TENTATIVE_EIO"
====
Error codes: *TENTATIVE_EIO 

post/tests/test43/source.c:24: potential unchecked error in out of scope variable "var2"
post/tests/test43/source.c:22:"var2" may have an unchecked error
post/tests/test43/source.c:19:"var2" may have an unchecked error
post/tests/test43/source.c:18:"var2" may have an unchecked error
post/tests/test43/source.c:11:"var2" may have an unchecked error
post/tests/test43/source.c:6:"var2" receives an error from "var1"
post/tests/test43/source.c:5:"var1" receives an error from "err"
post/tests/test43/source.c:4:"err" receives an error from "TENTATIVE_EIO"

post/tests/test43/source.c:24: potential unchecked error in out of scope variable "var2"
post/tests/test43/source.c:6:"var2" receives an error from "var1"
post/tests/test43/source.c:5:"var1" receives an error from "err"
post/tests/test43/source.c:4:"err" receives an error from "TENTATIVE_EIO"
====
Error codes: *TENTATIVE_EIO 

post/tests/test43/source.c:24: potential unchecked error in out of scope variable "var4"
post/tests/test43/source.c:22:"var4" may have an unchecked error
post/tests/test43/source.c:15:"var4" may have an unchecked error
post/tests/test43/source.c:14:"var4" may have an unchecked error
post/tests/test43/source.c:13:"var4" receives an error from "var3"
post/tests/test43/source.c:12:"var3" receives an error from "var2"
post/tests/test43/source.c:11:"var2" may have an unchecked error
post/tests/test43/source.c:6:"var2" receives an error from "var1"
post/tests/test43/source.c:5:"var1" receives an error from "err"
post/tests/test43/source.c:4:"err" receives an error from "TENTATIVE_EIO"

post/tests/test43/source.c:24: potential unchecked error in out of scope variable "var4"
post/tests/test43/source.c:13:"var4" receives an error from "var3"
post/tests/test43/source.c:12:"var3" receives an error from "var2"
post/tests/test43/source.c:6:"var2" receives an error from "var1"
post/tests/test43/source.c:5:"var1" receives an error from "err"
post/tests/test43/source.c:4:"err" receives an error from "TENTATIVE_EIO"
====
Error codes: *TENTATIVE_EIO 

post/tests/test43/source.c:24: potential unchecked error in out of scope variable "var5"
post/tests/test43/source.c:22:"var5" may have an unchecked error
post/tests/test43/source.c:19:"var5" may have an unchecked error
post/tests/test43/source.c:18:"var5" receives an error from "var2"
post/tests/test43/source.c:11:"var2" may have an unchecked error
post/tests/test43/source.c:6:"var2" receives an error from "var1"
post/tests/test43/source.c:5:"var1" receives an error from "err"
post/tests/test43/source.c:4:"err" receives an error from "TENTATIVE_EIO"

post/tests/test43/source.c:24: potential unchecked error in out of scope variable "var5"
post/tests/test43/source.c:18:"var5" receives an error from "var2"
post/tests/test43/source.c:6:"var2" receives an error from "var1"
post/tests/test43/source.c:5:"var1" receives an error from "err"
post/tests/test43/source.c:4:"err" receives an error from "TENTATIVE_EIO"
====
